# The following are sample jobs from the course COMP90024 Cluster and 
# Cloud Computing. A Python script makes us of the mpi4py package to 
# test the speed of a search on different node and core counts. A 
# smaller version (minitwitter.csv) of the data file is used in this 
# directory.

# A second file explains various methods of installing Python modules in 
# a user's home directory, if they are not already included in the 
# Python version invoked.

# Is a Python package already installed? You can check with by importing pip.
# See the following example from loading the def:

[lev@spartan ~]$ module load Python/3.6.1-intel-2017.u2
[lev@spartan ~]$ python3
Python 3.6.1 (default, Jan 25 2018, 11:53:43) 
[GCC Intel(R) C++ gcc 6.2 mode] on linux
Type "help", "copyright", "credits" or "license" for more information.
>>> print(installed_packages_list)
Traceback (most recent call last):
  File "<stdin>", line 1, in <module>
NameError: name 'installed_packages_list' is not defined
>>> import pip
>>> installed_packages = pip.get_installed_distributions()
>>> installed_packages_list = sorted(["%s==%s" % (i.key, i.version)
...      for i in installed_packages])
>>> print(installed_packages_list)
['absl-py==0.1.6', 'alabaster==0.7.10', 'babel==2.5.3', 
'backports.weakref==1.0rc1', 'bcrypt==3.1.4', 'bitstring==3.1.3', 
'blist==1.3.6', 'certifi==2018.1.18', 'cffi==1.11.2', 'chardet==3.0.4', 
'cookbook==2.2.25', 'cryptography==1.4', 'cvxopt==1.1.9', 
'cycler==0.10.0', 'cython==0.24', 'deap==1.0.2', 
'debtcollector==1.19.0', 'decorator==4.0.10', 'distribute==0.7.3', 
'docutils==0.14', 'ecdsa==0.13', 'emcee==2.2.1', 'flopy==3.2.6', 
'fortranfile==0.2.1', 'funcsigs==0.4', 'future==0.16.0', 'idna==2.6', 
'imagesize==0.7.1', 'infpy==0.4.13', 'iso8601==0.1.12', 'jinja2==2.10', 
'joblib==0.11', 'keystoneauth1==3.4.0', 'liac-arff==2.1.0', 
'lockfile==0.12.2', 'markupsafe==1.0', 'matplotlib==2.0.0b3', 
'mock==1.0.1', 'modred==2.0.1', 'monotonic==1.4', 'mpi4py==1.3.1', 
'msgpack==0.5.6', 'netaddr==0.7.18', 'netifaces==0.10.4', 
'networkx==1.11', 'nibabel==2.2.0', 'nose==1.3.7', 'numpy==1.11.1', 
'oslo.config==5.2.0', 'oslo.i18n==3.20.0', 'oslo.serialization==2.25.0', 
'oslo.utils==3.36.0', 'pandas==0.18.1', 'paramiko==2.0.1', 
'patsy==0.5.0', 'paycheck==1.0.2', 'pbr==3.1.1', 'pip==9.0.1', 
'pyasn1==0.4.2', 'pycparser==2.18', 'pycrypto==2.6.1', 
'pydotplus==2.0.2', 'pyfftw==0.10.4', 'pygments==2.2.0', 'pymc==2.3.6', 
'pyparsing==2.1.5', 'pyproj==1.9.5.1', 'python-dateutil==2.5.3', 
'python-keystoneclient==3.15.0', 'python-swiftclient==3.5.0', 
'pytz==2017.3', 'pyyaml==3.12', 'requests==2.18.4', 'rfc3986==1.1.0', 
'rubra==0.1.5', 'ruffus==2.6.3', 'scikit-learn==0.19.1', 
'scipy==0.17.1', 'setuptools==28.8.0', 'six==1.10.0', 'sklearn==0.0', 
'snowballstemmer==1.2.1', 'sphinx==1.6.5', 
'sphinxcontrib-websupport==1.0.1', 'statsmodels==0.8.0', 
'stevedore==1.28.0', 'traits==4.6.0', 'urllib3==1.22', 
'virtualenv==15.0.2', 'wrapt==1.10.11']
>>> 

